  Determining projects to restore...
  Restored d:\novolis\novolis-analyzers\src\Novolis.Analyzers.StackBoundaries\Novolis.Analyzers.StackBoundaries.csproj (in 151 ms).
  Restored d:\novolis\novolis-physics\src\Novolis.Physics.Motion\Novolis.Physics.Motion.csproj (in 151 ms).
  1 of 3 projects are up-to-date for restore.
C:\Program Files\dotnet\sdk\11.0.100-preview.4.26230.115\Sdks\Microsoft.NET.Sdk\targets\Microsoft.NET.RuntimeIdentifierInference.targets(383,5): message NETSDK1057: You are using a preview version of .NET. See: https://aka.ms/dotnet-support-policy [d:\novolis\novolis-physics\src\Novolis.Physics.Motion\Novolis.Physics.Motion.csproj]
  Novolis.Analyzers.StackBoundaries -> d:\novolis\novolis-analyzers\src\Novolis.Analyzers.StackBoundaries\bin\Debug\netstandard2.0\Novolis.Analyzers.StackBoundaries.dll
C:\Program Files\dotnet\sdk\11.0.100-preview.4.26230.115\Sdks\Microsoft.NET.Sdk\targets\Microsoft.NET.RuntimeIdentifierInference.targets(383,5): message NETSDK1057: You are using a preview version of .NET. See: https://aka.ms/dotnet-support-policy [d:\novolis\novolis-physics\src\Novolis.Physics.Abstractions\Novolis.Physics.Abstractions.csproj]
d:\novolis\novolis-physics\src\Novolis.Physics.Abstractions\AxisAlignedRangeBox.cs(8,12): error CS1591: Missing XML comment for publicly visible type or member 'AxisAlignedRangeBox.AxisAlignedRangeBox(float)' [d:\novolis\novolis-physics\src\Novolis.Physics.Abstractions\Novolis.Physics.Abstractions.csproj]
d:\novolis\novolis-physics\src\Novolis.Physics.Abstractions\AxisAlignedRangeBox.cs(16,18): error CS1591: Missing XML comment for publicly visible type or member 'AxisAlignedRangeBox.ExtentMeters' [d:\novolis\novolis-physics\src\Novolis.Physics.Abstractions\Novolis.Physics.Abstractions.csproj]
d:\novolis\novolis-physics\src\Novolis.Physics.Abstractions\AxisAlignedRangeBox.cs(18,17): error CS1591: Missing XML comment for publicly visible type or member 'AxisAlignedRangeBox.IsInside(float, float)' [d:\novolis\novolis-physics\src\Novolis.Physics.Abstractions\Novolis.Physics.Abstractions.csproj]
d:\novolis\novolis-physics\src\Novolis.Physics.Abstractions\ForceSample.cs(9,31): error CS1591: Missing XML comment for publicly visible type or member 'ForceSample.Zero' [d:\novolis\novolis-physics\src\Novolis.Physics.Abstractions\Novolis.Physics.Abstractions.csproj]
d:\novolis\novolis-physics\src\Novolis.Physics.Abstractions\ForceSample.cs(11,40): error CS1591: Missing XML comment for publicly visible type or member 'ForceSample.operator +(ForceSample, ForceSample)' [d:\novolis\novolis-physics\src\Novolis.Physics.Abstractions\Novolis.Physics.Abstractions.csproj]
d:\novolis\novolis-physics\src\Novolis.Physics.Abstractions\ForceSample.cs(14,40): error CS1591: Missing XML comment for publicly visible type or member 'ForceSample.operator *(ForceSample, double)' [d:\novolis\novolis-physics\src\Novolis.Physics.Abstractions\Novolis.Physics.Abstractions.csproj]
d:\novolis\novolis-physics\src\Novolis.Physics.Abstractions\HitInfo.cs(9,12): error CS1591: Missing XML comment for publicly visible type or member 'HitInfo.HitInfo(double, Vector3, Vector3, int)' [d:\novolis\novolis-physics\src\Novolis.Physics.Abstractions\Novolis.Physics.Abstractions.csproj]
d:\novolis\novolis-physics\src\Novolis.Physics.Abstractions\HitInfo.cs(17,19): error CS1591: Missing XML comment for publicly visible type or member 'HitInfo.Distance' [d:\novolis\novolis-physics\src\Novolis.Physics.Abstractions\Novolis.Physics.Abstractions.csproj]
d:\novolis\novolis-physics\src\Novolis.Physics.Abstractions\HitInfo.cs(18,20): error CS1591: Missing XML comment for publicly visible type or member 'HitInfo.Point' [d:\novolis\novolis-physics\src\Novolis.Physics.Abstractions\Novolis.Physics.Abstractions.csproj]
d:\novolis\novolis-physics\src\Novolis.Physics.Abstractions\HitInfo.cs(19,20): error CS1591: Missing XML comment for publicly visible type or member 'HitInfo.Normal' [d:\novolis\novolis-physics\src\Novolis.Physics.Abstractions\Novolis.Physics.Abstractions.csproj]
d:\novolis\novolis-physics\src\Novolis.Physics.Abstractions\HitInfo.cs(20,16): error CS1591: Missing XML comment for publicly visible type or member 'HitInfo.PrimitiveIndex' [d:\novolis\novolis-physics\src\Novolis.Physics.Abstractions\Novolis.Physics.Abstractions.csproj]
d:\novolis\novolis-physics\src\Novolis.Physics.Abstractions\IHeightSampler.cs(6,11): error CS1591: Missing XML comment for publicly visible type or member 'IHeightSampler.SampleHeight(float, float)' [d:\novolis\novolis-physics\src\Novolis.Physics.Abstractions\Novolis.Physics.Abstractions.csproj]
d:\novolis\novolis-physics\src\Novolis.Physics.Abstractions\IIntegrator.cs(6,11): error CS1591: Missing XML comment for publicly visible type or member 'IIntegrator<TBody>.Step(TBody, in ForceSample, double)' [d:\novolis\novolis-physics\src\Novolis.Physics.Abstractions\Novolis.Physics.Abstractions.csproj]
d:\novolis\novolis-physics\src\Novolis.Physics.Abstractions\IProjectileTerrainContact.cs(8,10): error CS1591: Missing XML comment for publicly visible type or member 'IProjectileTerrainContact.IsInside(float, float)' [d:\novolis\novolis-physics\src\Novolis.Physics.Abstractions\Novolis.Physics.Abstractions.csproj]
d:\novolis\novolis-physics\src\Novolis.Physics.Abstractions\IProjectileTerrainContact.cs(10,10): error CS1591: Missing XML comment for publicly visible type or member 'IProjectileTerrainContact.TryHeightfieldContact(Vector3, float)' [d:\novolis\novolis-physics\src\Novolis.Physics.Abstractions\Novolis.Physics.Abstractions.csproj]
d:\novolis\novolis-physics\src\Novolis.Physics.Abstractions\IProjectileTerrainContact.cs(12,13): error CS1591: Missing XML comment for publicly visible type or member 'IProjectileTerrainContact.ProjectOntoSurface(Vector3, float)' [d:\novolis\novolis-physics\src\Novolis.Physics.Abstractions\Novolis.Physics.Abstractions.csproj]
d:\novolis\novolis-physics\src\Novolis.Physics.Abstractions\IProjectileTerrainContact.cs(14,10): error CS1591: Missing XML comment for publicly visible type or member 'IProjectileTerrainContact.TrySegmentLeavesRange(Vector3, Vector3, out Vector3, out float)' [d:\novolis\novolis-physics\src\Novolis.Physics.Abstractions\Novolis.Physics.Abstractions.csproj]
d:\novolis\novolis-physics\src\Novolis.Physics.Abstractions\IStaticWorld.cs(9,10): error CS1591: Missing XML comment for publicly visible type or member 'IStaticWorld.Raycast(in Ray3, double, out HitInfo)' [d:\novolis\novolis-physics\src\Novolis.Physics.Abstractions\Novolis.Physics.Abstractions.csproj]
d:\novolis\novolis-physics\src\Novolis.Physics.Abstractions\RigidBodyState.cs(9,12): error CS1591: Missing XML comment for publicly visible type or member 'RigidBodyState.RigidBodyState(Vector3, Vector3, Quaternion, Vector3, double, Vector3)' [d:\novolis\novolis-physics\src\Novolis.Physics.Abstractions\Novolis.Physics.Abstractions.csproj]
d:\novolis\novolis-physics\src\Novolis.Physics.Abstractions\RigidBodyState.cs(25,20): error CS1591: Missing XML comment for publicly visible type or member 'RigidBodyState.Position' [d:\novolis\novolis-physics\src\Novolis.Physics.Abstractions\Novolis.Physics.Abstractions.csproj]
d:\novolis\novolis-physics\src\Novolis.Physics.Abstractions\RigidBodyState.cs(26,20): error CS1591: Missing XML comment for publicly visible type or member 'RigidBodyState.Velocity' [d:\novolis\novolis-physics\src\Novolis.Physics.Abstractions\Novolis.Physics.Abstractions.csproj]
d:\novolis\novolis-physics\src\Novolis.Physics.Abstractions\RigidBodyState.cs(27,23): error CS1591: Missing XML comment for publicly visible type or member 'RigidBodyState.Orientation' [d:\novolis\novolis-physics\src\Novolis.Physics.Abstractions\Novolis.Physics.Abstractions.csproj]
d:\novolis\novolis-physics\src\Novolis.Physics.Abstractions\RigidBodyState.cs(28,20): error CS1591: Missing XML comment for publicly visible type or member 'RigidBodyState.AngularVelocity' [d:\novolis\novolis-physics\src\Novolis.Physics.Abstractions\Novolis.Physics.Abstractions.csproj]
d:\novolis\novolis-physics\src\Novolis.Physics.Abstractions\RigidBodyState.cs(29,19): error CS1591: Missing XML comment for publicly visible type or member 'RigidBodyState.Mass' [d:\novolis\novolis-physics\src\Novolis.Physics.Abstractions\Novolis.Physics.Abstractions.csproj]
d:\novolis\novolis-physics\src\Novolis.Physics.Abstractions\RigidBodyState.cs(30,20): error CS1591: Missing XML comment for publicly visible type or member 'RigidBodyState.InertiaDiagonalBody' [d:\novolis\novolis-physics\src\Novolis.Physics.Abstractions\Novolis.Physics.Abstractions.csproj]

Build FAILED.

d:\novolis\novolis-physics\src\Novolis.Physics.Abstractions\AxisAlignedRangeBox.cs(8,12): error CS1591: Missing XML comment for publicly visible type or member 'AxisAlignedRangeBox.AxisAlignedRangeBox(float)' [d:\novolis\novolis-physics\src\Novolis.Physics.Abstractions\Novolis.Physics.Abstractions.csproj]
d:\novolis\novolis-physics\src\Novolis.Physics.Abstractions\AxisAlignedRangeBox.cs(16,18): error CS1591: Missing XML comment for publicly visible type or member 'AxisAlignedRangeBox.ExtentMeters' [d:\novolis\novolis-physics\src\Novolis.Physics.Abstractions\Novolis.Physics.Abstractions.csproj]
d:\novolis\novolis-physics\src\Novolis.Physics.Abstractions\AxisAlignedRangeBox.cs(18,17): error CS1591: Missing XML comment for publicly visible type or member 'AxisAlignedRangeBox.IsInside(float, float)' [d:\novolis\novolis-physics\src\Novolis.Physics.Abstractions\Novolis.Physics.Abstractions.csproj]
d:\novolis\novolis-physics\src\Novolis.Physics.Abstractions\ForceSample.cs(9,31): error CS1591: Missing XML comment for publicly visible type or member 'ForceSample.Zero' [d:\novolis\novolis-physics\src\Novolis.Physics.Abstractions\Novolis.Physics.Abstractions.csproj]
d:\novolis\novolis-physics\src\Novolis.Physics.Abstractions\ForceSample.cs(11,40): error CS1591: Missing XML comment for publicly visible type or member 'ForceSample.operator +(ForceSample, ForceSample)' [d:\novolis\novolis-physics\src\Novolis.Physics.Abstractions\Novolis.Physics.Abstractions.csproj]
d:\novolis\novolis-physics\src\Novolis.Physics.Abstractions\ForceSample.cs(14,40): error CS1591: Missing XML comment for publicly visible type or member 'ForceSample.operator *(ForceSample, double)' [d:\novolis\novolis-physics\src\Novolis.Physics.Abstractions\Novolis.Physics.Abstractions.csproj]
d:\novolis\novolis-physics\src\Novolis.Physics.Abstractions\HitInfo.cs(9,12): error CS1591: Missing XML comment for publicly visible type or member 'HitInfo.HitInfo(double, Vector3, Vector3, int)' [d:\novolis\novolis-physics\src\Novolis.Physics.Abstractions\Novolis.Physics.Abstractions.csproj]
d:\novolis\novolis-physics\src\Novolis.Physics.Abstractions\HitInfo.cs(17,19): error CS1591: Missing XML comment for publicly visible type or member 'HitInfo.Distance' [d:\novolis\novolis-physics\src\Novolis.Physics.Abstractions\Novolis.Physics.Abstractions.csproj]
d:\novolis\novolis-physics\src\Novolis.Physics.Abstractions\HitInfo.cs(18,20): error CS1591: Missing XML comment for publicly visible type or member 'HitInfo.Point' [d:\novolis\novolis-physics\src\Novolis.Physics.Abstractions\Novolis.Physics.Abstractions.csproj]
d:\novolis\novolis-physics\src\Novolis.Physics.Abstractions\HitInfo.cs(19,20): error CS1591: Missing XML comment for publicly visible type or member 'HitInfo.Normal' [d:\novolis\novolis-physics\src\Novolis.Physics.Abstractions\Novolis.Physics.Abstractions.csproj]
d:\novolis\novolis-physics\src\Novolis.Physics.Abstractions\HitInfo.cs(20,16): error CS1591: Missing XML comment for publicly visible type or member 'HitInfo.PrimitiveIndex' [d:\novolis\novolis-physics\src\Novolis.Physics.Abstractions\Novolis.Physics.Abstractions.csproj]
d:\novolis\novolis-physics\src\Novolis.Physics.Abstractions\IHeightSampler.cs(6,11): error CS1591: Missing XML comment for publicly visible type or member 'IHeightSampler.SampleHeight(float, float)' [d:\novolis\novolis-physics\src\Novolis.Physics.Abstractions\Novolis.Physics.Abstractions.csproj]
d:\novolis\novolis-physics\src\Novolis.Physics.Abstractions\IIntegrator.cs(6,11): error CS1591: Missing XML comment for publicly visible type or member 'IIntegrator<TBody>.Step(TBody, in ForceSample, double)' [d:\novolis\novolis-physics\src\Novolis.Physics.Abstractions\Novolis.Physics.Abstractions.csproj]
d:\novolis\novolis-physics\src\Novolis.Physics.Abstractions\IProjectileTerrainContact.cs(8,10): error CS1591: Missing XML comment for publicly visible type or member 'IProjectileTerrainContact.IsInside(float, float)' [d:\novolis\novolis-physics\src\Novolis.Physics.Abstractions\Novolis.Physics.Abstractions.csproj]
d:\novolis\novolis-physics\src\Novolis.Physics.Abstractions\IProjectileTerrainContact.cs(10,10): error CS1591: Missing XML comment for publicly visible type or member 'IProjectileTerrainContact.TryHeightfieldContact(Vector3, float)' [d:\novolis\novolis-physics\src\Novolis.Physics.Abstractions\Novolis.Physics.Abstractions.csproj]
d:\novolis\novolis-physics\src\Novolis.Physics.Abstractions\IProjectileTerrainContact.cs(12,13): error CS1591: Missing XML comment for publicly visible type or member 'IProjectileTerrainContact.ProjectOntoSurface(Vector3, float)' [d:\novolis\novolis-physics\src\Novolis.Physics.Abstractions\Novolis.Physics.Abstractions.csproj]
d:\novolis\novolis-physics\src\Novolis.Physics.Abstractions\IProjectileTerrainContact.cs(14,10): error CS1591: Missing XML comment for publicly visible type or member 'IProjectileTerrainContact.TrySegmentLeavesRange(Vector3, Vector3, out Vector3, out float)' [d:\novolis\novolis-physics\src\Novolis.Physics.Abstractions\Novolis.Physics.Abstractions.csproj]
d:\novolis\novolis-physics\src\Novolis.Physics.Abstractions\IStaticWorld.cs(9,10): error CS1591: Missing XML comment for publicly visible type or member 'IStaticWorld.Raycast(in Ray3, double, out HitInfo)' [d:\novolis\novolis-physics\src\Novolis.Physics.Abstractions\Novolis.Physics.Abstractions.csproj]
d:\novolis\novolis-physics\src\Novolis.Physics.Abstractions\RigidBodyState.cs(9,12): error CS1591: Missing XML comment for publicly visible type or member 'RigidBodyState.RigidBodyState(Vector3, Vector3, Quaternion, Vector3, double, Vector3)' [d:\novolis\novolis-physics\src\Novolis.Physics.Abstractions\Novolis.Physics.Abstractions.csproj]
d:\novolis\novolis-physics\src\Novolis.Physics.Abstractions\RigidBodyState.cs(25,20): error CS1591: Missing XML comment for publicly visible type or member 'RigidBodyState.Position' [d:\novolis\novolis-physics\src\Novolis.Physics.Abstractions\Novolis.Physics.Abstractions.csproj]
d:\novolis\novolis-physics\src\Novolis.Physics.Abstractions\RigidBodyState.cs(26,20): error CS1591: Missing XML comment for publicly visible type or member 'RigidBodyState.Velocity' [d:\novolis\novolis-physics\src\Novolis.Physics.Abstractions\Novolis.Physics.Abstractions.csproj]
d:\novolis\novolis-physics\src\Novolis.Physics.Abstractions\RigidBodyState.cs(27,23): error CS1591: Missing XML comment for publicly visible type or member 'RigidBodyState.Orientation' [d:\novolis\novolis-physics\src\Novolis.Physics.Abstractions\Novolis.Physics.Abstractions.csproj]
d:\novolis\novolis-physics\src\Novolis.Physics.Abstractions\RigidBodyState.cs(28,20): error CS1591: Missing XML comment for publicly visible type or member 'RigidBodyState.AngularVelocity' [d:\novolis\novolis-physics\src\Novolis.Physics.Abstractions\Novolis.Physics.Abstractions.csproj]
d:\novolis\novolis-physics\src\Novolis.Physics.Abstractions\RigidBodyState.cs(29,19): error CS1591: Missing XML comment for publicly visible type or member 'RigidBodyState.Mass' [d:\novolis\novolis-physics\src\Novolis.Physics.Abstractions\Novolis.Physics.Abstractions.csproj]
d:\novolis\novolis-physics\src\Novolis.Physics.Abstractions\RigidBodyState.cs(30,20): error CS1591: Missing XML comment for publicly visible type or member 'RigidBodyState.InertiaDiagonalBody' [d:\novolis\novolis-physics\src\Novolis.Physics.Abstractions\Novolis.Physics.Abstractions.csproj]
    0 Warning(s)
    25 Error(s)

Time Elapsed 00:00:18.17
